Analysis & Synthesis report for Phase1
Tue Feb 18 19:58:55 2025
Quartus Prime Version 18.1.1 Build 646 04/11/2019 SJ Lite Edition


---------------------
; Table of Contents ;
---------------------
  1. Legal Notice
  2. Analysis & Synthesis Summary
  3. Analysis & Synthesis Settings
  4. Parallel Compilation
  5. Analysis & Synthesis Source Files Read
  6. Analysis & Synthesis Resource Usage Summary
  7. Analysis & Synthesis Resource Utilization by Entity
  8. General Register Statistics
  9. Multiplexer Restructuring Statistics (Restructuring Performed)
 10. Port Connectivity Checks: "ALU:alu_unit|CLA_32bit:subtractor"
 11. Port Connectivity Checks: "ALU:alu_unit|CLA_32bit:adder"
 12. Port Connectivity Checks: "register:MAR"
 13. Post-Synthesis Netlist Statistics for Top Partition
 14. Elapsed Time Per Partition
 15. Analysis & Synthesis Messages
 16. Analysis & Synthesis Suppressed Messages



----------------
; Legal Notice ;
----------------
Copyright (C) 2019  Intel Corporation. All rights reserved.
Your use of Intel Corporation's design tools, logic functions 
and other software and tools, and any partner logic 
functions, and any output files from any of the foregoing 
(including device programming or simulation files), and any 
associated documentation or information are expressly subject 
to the terms and conditions of the Intel Program License 
Subscription Agreement, the Intel Quartus Prime License Agreement,
the Intel FPGA IP License Agreement, or other applicable license
agreement, including, without limitation, that your use is for
the sole purpose of programming logic devices manufactured by
Intel and sold by Intel or its authorized distributors.  Please
refer to the applicable agreement for further details, at
https://fpgasoftware.intel.com/eula.



+-------------------------------------------------------------------------------+
; Analysis & Synthesis Summary                                                  ;
+---------------------------------+---------------------------------------------+
; Analysis & Synthesis Status     ; Successful - Tue Feb 18 19:58:55 2025       ;
; Quartus Prime Version           ; 18.1.1 Build 646 04/11/2019 SJ Lite Edition ;
; Revision Name                   ; Phase1                                      ;
; Top-level Entity Name           ; Datapath                                    ;
; Family                          ; Cyclone V                                   ;
; Logic utilization (in ALMs)     ; N/A                                         ;
; Total registers                 ; 832                                         ;
; Total pins                      ; 157                                         ;
; Total virtual pins              ; 0                                           ;
; Total block memory bits         ; 0                                           ;
; Total DSP Blocks                ; 0                                           ;
; Total HSSI RX PCSs              ; 0                                           ;
; Total HSSI PMA RX Deserializers ; 0                                           ;
; Total HSSI TX PCSs              ; 0                                           ;
; Total HSSI PMA TX Serializers   ; 0                                           ;
; Total PLLs                      ; 0                                           ;
; Total DLLs                      ; 0                                           ;
+---------------------------------+---------------------------------------------+


+---------------------------------------------------------------------------------------------------------------------------+
; Analysis & Synthesis Settings                                                                                             ;
+---------------------------------------------------------------------------------+--------------------+--------------------+
; Option                                                                          ; Setting            ; Default Value      ;
+---------------------------------------------------------------------------------+--------------------+--------------------+
; Device                                                                          ; 5CEBA4F23C7        ;                    ;
; Top-level entity name                                                           ; Datapath           ; Phase1             ;
; Family name                                                                     ; Cyclone V          ; Cyclone V          ;
; Use smart compilation                                                           ; On                 ; Off                ;
; Maximum processors allowed for parallel compilation                             ; All                ;                    ;
; Optimization Technique                                                          ; Speed              ; Balanced           ;
; Enable parallel Assembler and Timing Analyzer during compilation                ; On                 ; On                 ;
; Enable compact report table                                                     ; Off                ; Off                ;
; Restructure Multiplexers                                                        ; Auto               ; Auto               ;
; MLAB Add Timing Constraints For Mixed-Port Feed-Through Mode Setting Don't Care ; Off                ; Off                ;
; Create Debugging Nodes for IP Cores                                             ; Off                ; Off                ;
; Preserve fewer node names                                                       ; On                 ; On                 ;
; Intel FPGA IP Evaluation Mode                                                   ; Enable             ; Enable             ;
; Verilog Version                                                                 ; Verilog_2001       ; Verilog_2001       ;
; VHDL Version                                                                    ; VHDL_1993          ; VHDL_1993          ;
; State Machine Processing                                                        ; Auto               ; Auto               ;
; Safe State Machine                                                              ; Off                ; Off                ;
; Extract Verilog State Machines                                                  ; On                 ; On                 ;
; Extract VHDL State Machines                                                     ; On                 ; On                 ;
; Ignore Verilog initial constructs                                               ; Off                ; Off                ;
; Iteration limit for constant Verilog loops                                      ; 5000               ; 5000               ;
; Iteration limit for non-constant Verilog loops                                  ; 250                ; 250                ;
; Add Pass-Through Logic to Inferred RAMs                                         ; On                 ; On                 ;
; Infer RAMs from Raw Logic                                                       ; On                 ; On                 ;
; Parallel Synthesis                                                              ; On                 ; On                 ;
; DSP Block Balancing                                                             ; Auto               ; Auto               ;
; NOT Gate Push-Back                                                              ; On                 ; On                 ;
; Power-Up Don't Care                                                             ; On                 ; On                 ;
; Remove Redundant Logic Cells                                                    ; Off                ; Off                ;
; Remove Duplicate Registers                                                      ; On                 ; On                 ;
; Ignore CARRY Buffers                                                            ; Off                ; Off                ;
; Ignore CASCADE Buffers                                                          ; Off                ; Off                ;
; Ignore GLOBAL Buffers                                                           ; Off                ; Off                ;
; Ignore ROW GLOBAL Buffers                                                       ; Off                ; Off                ;
; Ignore LCELL Buffers                                                            ; Off                ; Off                ;
; Ignore SOFT Buffers                                                             ; On                 ; On                 ;
; Limit AHDL Integers to 32 Bits                                                  ; Off                ; Off                ;
; Carry Chain Length                                                              ; 70                 ; 70                 ;
; Auto Carry Chains                                                               ; On                 ; On                 ;
; Auto Open-Drain Pins                                                            ; On                 ; On                 ;
; Perform WYSIWYG Primitive Resynthesis                                           ; Off                ; Off                ;
; Auto ROM Replacement                                                            ; On                 ; On                 ;
; Auto RAM Replacement                                                            ; On                 ; On                 ;
; Auto DSP Block Replacement                                                      ; On                 ; On                 ;
; Auto Shift Register Replacement                                                 ; Auto               ; Auto               ;
; Allow Shift Register Merging across Hierarchies                                 ; Auto               ; Auto               ;
; Auto Clock Enable Replacement                                                   ; On                 ; On                 ;
; Strict RAM Replacement                                                          ; Off                ; Off                ;
; Allow Synchronous Control Signals                                               ; On                 ; On                 ;
; Force Use of Synchronous Clear Signals                                          ; Off                ; Off                ;
; Auto Resource Sharing                                                           ; Off                ; Off                ;
; Allow Any RAM Size For Recognition                                              ; Off                ; Off                ;
; Allow Any ROM Size For Recognition                                              ; Off                ; Off                ;
; Allow Any Shift Register Size For Recognition                                   ; Off                ; Off                ;
; Use LogicLock Constraints during Resource Balancing                             ; On                 ; On                 ;
; Ignore translate_off and synthesis_off directives                               ; Off                ; Off                ;
; Timing-Driven Synthesis                                                         ; On                 ; On                 ;
; Report Parameter Settings                                                       ; On                 ; On                 ;
; Report Source Assignments                                                       ; On                 ; On                 ;
; Report Connectivity Checks                                                      ; On                 ; On                 ;
; Ignore Maximum Fan-Out Assignments                                              ; Off                ; Off                ;
; Synchronization Register Chain Length                                           ; 3                  ; 3                  ;
; Power Optimization During Synthesis                                             ; Normal compilation ; Normal compilation ;
; HDL message level                                                               ; Level2             ; Level2             ;
; Suppress Register Optimization Related Messages                                 ; Off                ; Off                ;
; Number of Removed Registers Reported in Synthesis Report                        ; 5000               ; 5000               ;
; Number of Swept Nodes Reported in Synthesis Report                              ; 5000               ; 5000               ;
; Number of Inverted Registers Reported in Synthesis Report                       ; 100                ; 100                ;
; Clock MUX Protection                                                            ; On                 ; On                 ;
; Auto Gated Clock Conversion                                                     ; Off                ; Off                ;
; Block Design Naming                                                             ; Auto               ; Auto               ;
; SDC constraint protection                                                       ; Off                ; Off                ;
; Synthesis Effort                                                                ; Auto               ; Auto               ;
; Shift Register Replacement - Allow Asynchronous Clear Signal                    ; On                 ; On                 ;
; Pre-Mapping Resynthesis Optimization                                            ; Off                ; Off                ;
; Analysis & Synthesis Message Level                                              ; Medium             ; Medium             ;
; Disable Register Merging Across Hierarchies                                     ; Auto               ; Auto               ;
; Resource Aware Inference For Block RAM                                          ; On                 ; On                 ;
; Automatic Parallel Synthesis                                                    ; On                 ; On                 ;
; Partial Reconfiguration Bitstream ID                                            ; Off                ; Off                ;
+---------------------------------------------------------------------------------+--------------------+--------------------+


+------------------------------------------+
; Parallel Compilation                     ;
+----------------------------+-------------+
; Processors                 ; Number      ;
+----------------------------+-------------+
; Number detected on machine ; 8           ;
; Maximum allowed            ; 4           ;
;                            ;             ;
; Average used               ; 1.00        ;
; Maximum used               ; 4           ;
;                            ;             ;
; Usage by Processor         ; % Time Used ;
;     Processor 1            ; 100.0%      ;
;     Processor 2            ;   0.1%      ;
;     Processor 3            ;   0.1%      ;
;     Processor 4            ;   0.1%      ;
+----------------------------+-------------+


+-------------------------------------------------------------------------------------------------------------------------------------------------------------------------+
; Analysis & Synthesis Source Files Read                                                                                                                                  ;
+----------------------------------+-----------------+------------------------+---------------------------------------------------------------------------------+---------+
; File Name with User-Entered Path ; Used in Netlist ; File Type              ; File Name with Absolute Path                                                    ; Library ;
+----------------------------------+-----------------+------------------------+---------------------------------------------------------------------------------+---------+
; register.v                       ; yes             ; User Verilog HDL File  ; C:/intelFPGA_lite/18.1/elec374/ELEC374---Group/Phase1/register.v                ;         ;
; Bus.v                            ; yes             ; User Verilog HDL File  ; C:/intelFPGA_lite/18.1/elec374/ELEC374---Group/Phase1/Bus.v                     ;         ;
; ALU.v                            ; yes             ; User Verilog HDL File  ; C:/intelFPGA_lite/18.1/elec374/ELEC374---Group/Phase1/ALU.v                     ;         ;
; CLA_4bit.v                       ; yes             ; User Verilog HDL File  ; C:/intelFPGA_lite/18.1/elec374/ELEC374---Group/Phase1/CLA_4bit.v                ;         ;
; CLA_32bit.v                      ; yes             ; User Verilog HDL File  ; C:/intelFPGA_lite/18.1/elec374/ELEC374---Group/Phase1/CLA_32bit.v               ;         ;
; shift_rotate_operations.v        ; yes             ; User Verilog HDL File  ; C:/intelFPGA_lite/18.1/elec374/ELEC374---Group/Phase1/shift_rotate_operations.v ;         ;
; logic_operations.v               ; yes             ; User Verilog HDL File  ; C:/intelFPGA_lite/18.1/elec374/ELEC374---Group/Phase1/logic_operations.v        ;         ;
; NRdiv.v                          ; yes             ; User Verilog HDL File  ; C:/intelFPGA_lite/18.1/elec374/ELEC374---Group/Phase1/NRdiv.v                   ;         ;
; BoothMul.v                       ; yes             ; User Verilog HDL File  ; C:/intelFPGA_lite/18.1/elec374/ELEC374---Group/Phase1/BoothMul.v                ;         ;
; Datapath.v                       ; yes             ; User Verilog HDL File  ; C:/intelFPGA_lite/18.1/elec374/ELEC374---Group/Phase1/Datapath.v                ;         ;
; pc_register.v                    ; yes             ; User Verilog HDL File  ; C:/intelFPGA_lite/18.1/elec374/ELEC374---Group/Phase1/pc_register.v             ;         ;
; mux.v                            ; yes             ; User Verilog HDL File  ; C:/intelFPGA_lite/18.1/elec374/ELEC374---Group/Phase1/mux.v                     ;         ;
+----------------------------------+-----------------+------------------------+---------------------------------------------------------------------------------+---------+


+---------------------------------------------------------+
; Analysis & Synthesis Resource Usage Summary             ;
+---------------------------------------------+-----------+
; Resource                                    ; Usage     ;
+---------------------------------------------+-----------+
; Estimate of Logic utilization (ALMs needed) ; 3316      ;
;                                             ;           ;
; Combinational ALUT usage for logic          ; 5559      ;
;     -- 7 input functions                    ; 81        ;
;     -- 6 input functions                    ; 884       ;
;     -- 5 input functions                    ; 2192      ;
;     -- 4 input functions                    ; 679       ;
;     -- <=3 input functions                  ; 1723      ;
;                                             ;           ;
; Dedicated logic registers                   ; 832       ;
;                                             ;           ;
; I/O pins                                    ; 157       ;
;                                             ;           ;
; Total DSP Blocks                            ; 0         ;
;                                             ;           ;
; Maximum fan-out node                        ; clk~input ;
; Maximum fan-out                             ; 832       ;
; Total fan-out                               ; 30681     ;
; Average fan-out                             ; 4.58      ;
+---------------------------------------------+-----------+


+-----------------------------------------------------------------------------------------------------------------------------------------------------------------------------------------------------------------------------------+
; Analysis & Synthesis Resource Utilization by Entity                                                                                                                                                                               ;
+------------------------------+---------------------+---------------------------+-------------------+------------+------+--------------+-------------------------------------------------------------+--------------+--------------+
; Compilation Hierarchy Node   ; Combinational ALUTs ; Dedicated Logic Registers ; Block Memory Bits ; DSP Blocks ; Pins ; Virtual Pins ; Full Hierarchy Name                                         ; Entity Name  ; Library Name ;
+------------------------------+---------------------+---------------------------+-------------------+------------+------+--------------+-------------------------------------------------------------+--------------+--------------+
; |Datapath                    ; 5559 (0)            ; 832 (0)                   ; 0                 ; 0          ; 157  ; 0            ; |Datapath                                                   ; Datapath     ; work         ;
;    |ALU:alu_unit|            ; 4981 (394)          ; 0 (0)                     ; 0                 ; 0          ; 0    ; 0            ; |Datapath|ALU:alu_unit                                      ; ALU          ; work         ;
;       |BoothMul:multiplier|  ; 3097 (3097)         ; 0 (0)                     ; 0                 ; 0          ; 0    ; 0            ; |Datapath|ALU:alu_unit|BoothMul:multiplier                  ; BoothMul     ; work         ;
;       |CLA_32bit:adder|      ; 44 (0)              ; 0 (0)                     ; 0                 ; 0          ; 0    ; 0            ; |Datapath|ALU:alu_unit|CLA_32bit:adder                      ; CLA_32bit    ; work         ;
;          |CLA_4bit:adder1|   ; 4 (4)               ; 0 (0)                     ; 0                 ; 0          ; 0    ; 0            ; |Datapath|ALU:alu_unit|CLA_32bit:adder|CLA_4bit:adder1      ; CLA_4bit     ; work         ;
;          |CLA_4bit:adder2|   ; 6 (6)               ; 0 (0)                     ; 0                 ; 0          ; 0    ; 0            ; |Datapath|ALU:alu_unit|CLA_32bit:adder|CLA_4bit:adder2      ; CLA_4bit     ; work         ;
;          |CLA_4bit:adder3|   ; 6 (6)               ; 0 (0)                     ; 0                 ; 0          ; 0    ; 0            ; |Datapath|ALU:alu_unit|CLA_32bit:adder|CLA_4bit:adder3      ; CLA_4bit     ; work         ;
;          |CLA_4bit:adder4|   ; 6 (6)               ; 0 (0)                     ; 0                 ; 0          ; 0    ; 0            ; |Datapath|ALU:alu_unit|CLA_32bit:adder|CLA_4bit:adder4      ; CLA_4bit     ; work         ;
;          |CLA_4bit:adder5|   ; 6 (6)               ; 0 (0)                     ; 0                 ; 0          ; 0    ; 0            ; |Datapath|ALU:alu_unit|CLA_32bit:adder|CLA_4bit:adder5      ; CLA_4bit     ; work         ;
;          |CLA_4bit:adder6|   ; 6 (6)               ; 0 (0)                     ; 0                 ; 0          ; 0    ; 0            ; |Datapath|ALU:alu_unit|CLA_32bit:adder|CLA_4bit:adder6      ; CLA_4bit     ; work         ;
;          |CLA_4bit:adder7|   ; 6 (6)               ; 0 (0)                     ; 0                 ; 0          ; 0    ; 0            ; |Datapath|ALU:alu_unit|CLA_32bit:adder|CLA_4bit:adder7      ; CLA_4bit     ; work         ;
;          |CLA_4bit:adder8|   ; 4 (4)               ; 0 (0)                     ; 0                 ; 0          ; 0    ; 0            ; |Datapath|ALU:alu_unit|CLA_32bit:adder|CLA_4bit:adder8      ; CLA_4bit     ; work         ;
;       |CLA_32bit:subtractor| ; 38 (0)              ; 0 (0)                     ; 0                 ; 0          ; 0    ; 0            ; |Datapath|ALU:alu_unit|CLA_32bit:subtractor                 ; CLA_32bit    ; work         ;
;          |CLA_4bit:adder1|   ; 5 (5)               ; 0 (0)                     ; 0                 ; 0          ; 0    ; 0            ; |Datapath|ALU:alu_unit|CLA_32bit:subtractor|CLA_4bit:adder1 ; CLA_4bit     ; work         ;
;          |CLA_4bit:adder2|   ; 5 (5)               ; 0 (0)                     ; 0                 ; 0          ; 0    ; 0            ; |Datapath|ALU:alu_unit|CLA_32bit:subtractor|CLA_4bit:adder2 ; CLA_4bit     ; work         ;
;          |CLA_4bit:adder3|   ; 5 (5)               ; 0 (0)                     ; 0                 ; 0          ; 0    ; 0            ; |Datapath|ALU:alu_unit|CLA_32bit:subtractor|CLA_4bit:adder3 ; CLA_4bit     ; work         ;
;          |CLA_4bit:adder4|   ; 5 (5)               ; 0 (0)                     ; 0                 ; 0          ; 0    ; 0            ; |Datapath|ALU:alu_unit|CLA_32bit:subtractor|CLA_4bit:adder4 ; CLA_4bit     ; work         ;
;          |CLA_4bit:adder5|   ; 5 (5)               ; 0 (0)                     ; 0                 ; 0          ; 0    ; 0            ; |Datapath|ALU:alu_unit|CLA_32bit:subtractor|CLA_4bit:adder5 ; CLA_4bit     ; work         ;
;          |CLA_4bit:adder6|   ; 5 (5)               ; 0 (0)                     ; 0                 ; 0          ; 0    ; 0            ; |Datapath|ALU:alu_unit|CLA_32bit:subtractor|CLA_4bit:adder6 ; CLA_4bit     ; work         ;
;          |CLA_4bit:adder7|   ; 5 (5)               ; 0 (0)                     ; 0                 ; 0          ; 0    ; 0            ; |Datapath|ALU:alu_unit|CLA_32bit:subtractor|CLA_4bit:adder7 ; CLA_4bit     ; work         ;
;          |CLA_4bit:adder8|   ; 3 (3)               ; 0 (0)                     ; 0                 ; 0          ; 0    ; 0            ; |Datapath|ALU:alu_unit|CLA_32bit:subtractor|CLA_4bit:adder8 ; CLA_4bit     ; work         ;
;       |NRdiv:divider|        ; 1088 (1088)         ; 0 (0)                     ; 0                 ; 0          ; 0    ; 0            ; |Datapath|ALU:alu_unit|NRdiv:divider                        ; NRdiv        ; work         ;
;       |logic_negate:l_neg|   ; 32 (32)             ; 0 (0)                     ; 0                 ; 0          ; 0    ; 0            ; |Datapath|ALU:alu_unit|logic_negate:l_neg                   ; logic_negate ; work         ;
;       |rotate_left:r_left|   ; 76 (76)             ; 0 (0)                     ; 0                 ; 0          ; 0    ; 0            ; |Datapath|ALU:alu_unit|rotate_left:r_left                   ; rotate_left  ; work         ;
;       |rotate_right:r_right| ; 124 (124)           ; 0 (0)                     ; 0                 ; 0          ; 0    ; 0            ; |Datapath|ALU:alu_unit|rotate_right:r_right                 ; rotate_right ; work         ;
;       |shift_left:s_left|    ; 36 (36)             ; 0 (0)                     ; 0                 ; 0          ; 0    ; 0            ; |Datapath|ALU:alu_unit|shift_left:s_left                    ; shift_left   ; work         ;
;       |shift_right:s_right|  ; 52 (52)             ; 0 (0)                     ; 0                 ; 0          ; 0    ; 0            ; |Datapath|ALU:alu_unit|shift_right:s_right                  ; shift_right  ; work         ;
;    |Bus:bus_unit|            ; 520 (520)           ; 0 (0)                     ; 0                 ; 0          ; 0    ; 0            ; |Datapath|Bus:bus_unit                                      ; Bus          ; work         ;
;    |pc_register:PC_reg|      ; 33 (33)             ; 32 (32)                   ; 0                 ; 0          ; 0    ; 0            ; |Datapath|pc_register:PC_reg                                ; pc_register  ; work         ;
;    |register:MDR|            ; 1 (1)               ; 32 (32)                   ; 0                 ; 0          ; 0    ; 0            ; |Datapath|register:MDR                                      ; register     ; work         ;
;    |register:r0|             ; 1 (1)               ; 32 (32)                   ; 0                 ; 0          ; 0    ; 0            ; |Datapath|register:r0                                       ; register     ; work         ;
;    |register:r10|            ; 1 (1)               ; 32 (32)                   ; 0                 ; 0          ; 0    ; 0            ; |Datapath|register:r10                                      ; register     ; work         ;
;    |register:r11|            ; 1 (1)               ; 32 (32)                   ; 0                 ; 0          ; 0    ; 0            ; |Datapath|register:r11                                      ; register     ; work         ;
;    |register:r12|            ; 1 (1)               ; 32 (32)                   ; 0                 ; 0          ; 0    ; 0            ; |Datapath|register:r12                                      ; register     ; work         ;
;    |register:r13|            ; 1 (1)               ; 32 (32)                   ; 0                 ; 0          ; 0    ; 0            ; |Datapath|register:r13                                      ; register     ; work         ;
;    |register:r14|            ; 1 (1)               ; 32 (32)                   ; 0                 ; 0          ; 0    ; 0            ; |Datapath|register:r14                                      ; register     ; work         ;
;    |register:r15|            ; 1 (1)               ; 32 (32)                   ; 0                 ; 0          ; 0    ; 0            ; |Datapath|register:r15                                      ; register     ; work         ;
;    |register:r1|             ; 1 (1)               ; 32 (32)                   ; 0                 ; 0          ; 0    ; 0            ; |Datapath|register:r1                                       ; register     ; work         ;
;    |register:r2|             ; 1 (1)               ; 32 (32)                   ; 0                 ; 0          ; 0    ; 0            ; |Datapath|register:r2                                       ; register     ; work         ;
;    |register:r3|             ; 1 (1)               ; 32 (32)                   ; 0                 ; 0          ; 0    ; 0            ; |Datapath|register:r3                                       ; register     ; work         ;
;    |register:r4|             ; 1 (1)               ; 32 (32)                   ; 0                 ; 0          ; 0    ; 0            ; |Datapath|register:r4                                       ; register     ; work         ;
;    |register:r5|             ; 1 (1)               ; 32 (32)                   ; 0                 ; 0          ; 0    ; 0            ; |Datapath|register:r5                                       ; register     ; work         ;
;    |register:r6|             ; 1 (1)               ; 32 (32)                   ; 0                 ; 0          ; 0    ; 0            ; |Datapath|register:r6                                       ; register     ; work         ;
;    |register:r7|             ; 1 (1)               ; 32 (32)                   ; 0                 ; 0          ; 0    ; 0            ; |Datapath|register:r7                                       ; register     ; work         ;
;    |register:r8|             ; 1 (1)               ; 32 (32)                   ; 0                 ; 0          ; 0    ; 0            ; |Datapath|register:r8                                       ; register     ; work         ;
;    |register:r9|             ; 1 (1)               ; 32 (32)                   ; 0                 ; 0          ; 0    ; 0            ; |Datapath|register:r9                                       ; register     ; work         ;
;    |register:rC|             ; 1 (1)               ; 32 (32)                   ; 0                 ; 0          ; 0    ; 0            ; |Datapath|register:rC                                       ; register     ; work         ;
;    |register:rHI|            ; 1 (1)               ; 32 (32)                   ; 0                 ; 0          ; 0    ; 0            ; |Datapath|register:rHI                                      ; register     ; work         ;
;    |register:rIR|            ; 1 (1)               ; 32 (32)                   ; 0                 ; 0          ; 0    ; 0            ; |Datapath|register:rIR                                      ; register     ; work         ;
;    |register:rInPort|        ; 1 (1)               ; 32 (32)                   ; 0                 ; 0          ; 0    ; 0            ; |Datapath|register:rInPort                                  ; register     ; work         ;
;    |register:rLO|            ; 1 (1)               ; 32 (32)                   ; 0                 ; 0          ; 0    ; 0            ; |Datapath|register:rLO                                      ; register     ; work         ;
;    |register:rY|             ; 1 (1)               ; 32 (32)                   ; 0                 ; 0          ; 0    ; 0            ; |Datapath|register:rY                                       ; register     ; work         ;
;    |register:rZhigh|         ; 1 (1)               ; 32 (32)                   ; 0                 ; 0          ; 0    ; 0            ; |Datapath|register:rZhigh                                   ; register     ; work         ;
;    |register:rZlow|          ; 1 (1)               ; 32 (32)                   ; 0                 ; 0          ; 0    ; 0            ; |Datapath|register:rZlow                                    ; register     ; work         ;
+------------------------------+---------------------+---------------------------+-------------------+------------+------+--------------+-------------------------------------------------------------+--------------+--------------+
Note: For table entries with two numbers listed, the numbers in parentheses indicate the number of resources of the given type used by the specific entity alone. The numbers listed outside of parentheses indicate the total resources of the given type used by the specific entity and all of its sub-entities in the hierarchy.


+------------------------------------------------------+
; General Register Statistics                          ;
+----------------------------------------------+-------+
; Statistic                                    ; Value ;
+----------------------------------------------+-------+
; Total registers                              ; 832   ;
; Number of registers using Synchronous Clear  ; 800   ;
; Number of registers using Synchronous Load   ; 64    ;
; Number of registers using Asynchronous Clear ; 0     ;
; Number of registers using Asynchronous Load  ; 0     ;
; Number of registers using Clock Enable       ; 832   ;
; Number of registers using Preset             ; 0     ;
+----------------------------------------------+-------+


+-----------------------------------------------------------------------------------------------------------------------------------------------------------------------+
; Multiplexer Restructuring Statistics (Restructuring Performed)                                                                                                        ;
+--------------------+-----------+---------------+----------------------+------------------------+------------+---------------------------------------------------------+
; Multiplexer Inputs ; Bus Width ; Baseline Area ; Area if Restructured ; Saving if Restructured ; Registered ; Example Multiplexer Output                              ;
+--------------------+-----------+---------------+----------------------+------------------------+------------+---------------------------------------------------------+
; 3:1                ; 32 bits   ; 64 LEs        ; 0 LEs                ; 64 LEs                 ; Yes        ; |Datapath|register:rY|q[16]                             ;
; 3:1                ; 32 bits   ; 64 LEs        ; 0 LEs                ; 64 LEs                 ; Yes        ; |Datapath|register:r0|q[31]                             ;
; 3:1                ; 32 bits   ; 64 LEs        ; 0 LEs                ; 64 LEs                 ; Yes        ; |Datapath|register:r1|q[4]                              ;
; 3:1                ; 32 bits   ; 64 LEs        ; 0 LEs                ; 64 LEs                 ; Yes        ; |Datapath|register:r2|q[9]                              ;
; 3:1                ; 32 bits   ; 64 LEs        ; 0 LEs                ; 64 LEs                 ; Yes        ; |Datapath|register:r3|q[5]                              ;
; 3:1                ; 32 bits   ; 64 LEs        ; 0 LEs                ; 64 LEs                 ; Yes        ; |Datapath|register:r4|q[8]                              ;
; 3:1                ; 32 bits   ; 64 LEs        ; 0 LEs                ; 64 LEs                 ; Yes        ; |Datapath|register:r5|q[7]                              ;
; 3:1                ; 32 bits   ; 64 LEs        ; 0 LEs                ; 64 LEs                 ; Yes        ; |Datapath|register:r6|q[29]                             ;
; 3:1                ; 32 bits   ; 64 LEs        ; 0 LEs                ; 64 LEs                 ; Yes        ; |Datapath|register:r7|q[21]                             ;
; 3:1                ; 32 bits   ; 64 LEs        ; 0 LEs                ; 64 LEs                 ; Yes        ; |Datapath|register:r8|q[30]                             ;
; 3:1                ; 32 bits   ; 64 LEs        ; 0 LEs                ; 64 LEs                 ; Yes        ; |Datapath|register:r9|q[12]                             ;
; 3:1                ; 32 bits   ; 64 LEs        ; 0 LEs                ; 64 LEs                 ; Yes        ; |Datapath|register:r10|q[22]                            ;
; 3:1                ; 32 bits   ; 64 LEs        ; 0 LEs                ; 64 LEs                 ; Yes        ; |Datapath|register:r11|q[30]                            ;
; 3:1                ; 32 bits   ; 64 LEs        ; 0 LEs                ; 64 LEs                 ; Yes        ; |Datapath|register:r12|q[30]                            ;
; 3:1                ; 32 bits   ; 64 LEs        ; 0 LEs                ; 64 LEs                 ; Yes        ; |Datapath|register:r13|q[12]                            ;
; 3:1                ; 32 bits   ; 64 LEs        ; 0 LEs                ; 64 LEs                 ; Yes        ; |Datapath|register:r14|q[12]                            ;
; 3:1                ; 32 bits   ; 64 LEs        ; 0 LEs                ; 64 LEs                 ; Yes        ; |Datapath|register:r15|q[29]                            ;
; 3:1                ; 32 bits   ; 64 LEs        ; 0 LEs                ; 64 LEs                 ; Yes        ; |Datapath|register:rLO|q[14]                            ;
; 3:1                ; 32 bits   ; 64 LEs        ; 0 LEs                ; 64 LEs                 ; Yes        ; |Datapath|register:rHI|q[0]                             ;
; 3:1                ; 32 bits   ; 64 LEs        ; 0 LEs                ; 64 LEs                 ; Yes        ; |Datapath|register:rZhigh|q[16]                         ;
; 3:1                ; 32 bits   ; 64 LEs        ; 0 LEs                ; 64 LEs                 ; Yes        ; |Datapath|register:rZlow|q[3]                           ;
; 3:1                ; 32 bits   ; 64 LEs        ; 0 LEs                ; 64 LEs                 ; Yes        ; |Datapath|pc_register:PC_reg|pc_out[31]                 ;
; 3:1                ; 32 bits   ; 64 LEs        ; 0 LEs                ; 64 LEs                 ; Yes        ; |Datapath|register:rIR|q[24]                            ;
; 3:1                ; 32 bits   ; 64 LEs        ; 0 LEs                ; 64 LEs                 ; Yes        ; |Datapath|register:rInPort|q[29]                        ;
; 3:1                ; 32 bits   ; 64 LEs        ; 0 LEs                ; 64 LEs                 ; Yes        ; |Datapath|register:rC|q[27]                             ;
; 4:1                ; 32 bits   ; 64 LEs        ; 0 LEs                ; 64 LEs                 ; Yes        ; |Datapath|register:MDR|q[16]                            ;
; 4:1                ; 8 bits    ; 16 LEs        ; 16 LEs               ; 0 LEs                  ; No         ; |Datapath|ALU:alu_unit|rotate_right:r_right|ShiftRight0 ;
; 4:1                ; 4 bits    ; 8 LEs         ; 8 LEs                ; 0 LEs                  ; No         ; |Datapath|ALU:alu_unit|shift_left:s_left|ShiftLeft0     ;
; 4:1                ; 4 bits    ; 8 LEs         ; 8 LEs                ; 0 LEs                  ; No         ; |Datapath|ALU:alu_unit|shift_left:s_left|ShiftLeft0     ;
; 3:1                ; 8 bits    ; 16 LEs        ; 16 LEs               ; 0 LEs                  ; No         ; |Datapath|ALU:alu_unit|shift_right:s_right|ShiftRight0  ;
; 3:1                ; 8 bits    ; 16 LEs        ; 16 LEs               ; 0 LEs                  ; No         ; |Datapath|ALU:alu_unit|shift_right:s_right|ShiftRight0  ;
; 4:1                ; 4 bits    ; 8 LEs         ; 8 LEs                ; 0 LEs                  ; No         ; |Datapath|ALU:alu_unit|shift_right:s_right|ShiftRight0  ;
; 3:1                ; 4 bits    ; 8 LEs         ; 8 LEs                ; 0 LEs                  ; No         ; |Datapath|ALU:alu_unit|shift_right:s_right|ShiftRight0  ;
; 4:1                ; 20 bits   ; 40 LEs        ; 40 LEs               ; 0 LEs                  ; No         ; |Datapath|ALU:alu_unit|rotate_right:r_right|ShiftRight0 ;
; 4:1                ; 31 bits   ; 62 LEs        ; 62 LEs               ; 0 LEs                  ; No         ; |Datapath|ALU:alu_unit|BoothMul:multiplier|Mux38        ;
; 3:1                ; 4 bits    ; 8 LEs         ; 8 LEs                ; 0 LEs                  ; No         ; |Datapath|ALU:alu_unit|rotate_left:r_left|ShiftRight0   ;
; 4:1                ; 20 bits   ; 40 LEs        ; 40 LEs               ; 0 LEs                  ; No         ; |Datapath|ALU:alu_unit|rotate_left:r_left|ShiftRight0   ;
; 4:1                ; 8 bits    ; 16 LEs        ; 16 LEs               ; 0 LEs                  ; No         ; |Datapath|ALU:alu_unit|rotate_right:r_right|ShiftLeft0  ;
; 4:1                ; 4 bits    ; 8 LEs         ; 8 LEs                ; 0 LEs                  ; No         ; |Datapath|ALU:alu_unit|rotate_right:r_right|ShiftLeft0  ;
; 4:1                ; 4 bits    ; 8 LEs         ; 8 LEs                ; 0 LEs                  ; No         ; |Datapath|ALU:alu_unit|rotate_right:r_right|ShiftLeft0  ;
; 3:1                ; 24 bits   ; 48 LEs        ; 48 LEs               ; 0 LEs                  ; No         ; |Datapath|ALU:alu_unit|rotate_left:r_left|ShiftRight0   ;
; 8:1                ; 34 bits   ; 170 LEs       ; 102 LEs              ; 68 LEs                 ; No         ; |Datapath|ALU:alu_unit|BoothMul:multiplier|Mux714       ;
; 8:1                ; 36 bits   ; 180 LEs       ; 108 LEs              ; 72 LEs                 ; No         ; |Datapath|ALU:alu_unit|BoothMul:multiplier|Mux705       ;
; 8:1                ; 38 bits   ; 190 LEs       ; 114 LEs              ; 76 LEs                 ; No         ; |Datapath|ALU:alu_unit|BoothMul:multiplier|Mux637       ;
; 8:1                ; 40 bits   ; 200 LEs       ; 120 LEs              ; 80 LEs                 ; No         ; |Datapath|ALU:alu_unit|BoothMul:multiplier|Mux609       ;
; 8:1                ; 42 bits   ; 210 LEs       ; 126 LEs              ; 84 LEs                 ; No         ; |Datapath|ALU:alu_unit|BoothMul:multiplier|Mux553       ;
; 8:1                ; 44 bits   ; 220 LEs       ; 132 LEs              ; 88 LEs                 ; No         ; |Datapath|ALU:alu_unit|BoothMul:multiplier|Mux535       ;
; 8:1                ; 46 bits   ; 230 LEs       ; 138 LEs              ; 92 LEs                 ; No         ; |Datapath|ALU:alu_unit|BoothMul:multiplier|Mux456       ;
; 8:1                ; 29 bits   ; 145 LEs       ; 87 LEs               ; 58 LEs                 ; No         ; |Datapath|ALU:alu_unit|BoothMul:multiplier|Mux452       ;
; 8:1                ; 29 bits   ; 145 LEs       ; 87 LEs               ; 58 LEs                 ; No         ; |Datapath|ALU:alu_unit|BoothMul:multiplier|Mux395       ;
; 8:1                ; 29 bits   ; 145 LEs       ; 87 LEs               ; 58 LEs                 ; No         ; |Datapath|ALU:alu_unit|BoothMul:multiplier|Mux329       ;
; 8:1                ; 29 bits   ; 145 LEs       ; 87 LEs               ; 58 LEs                 ; No         ; |Datapath|ALU:alu_unit|BoothMul:multiplier|Mux293       ;
; 8:1                ; 29 bits   ; 145 LEs       ; 87 LEs               ; 58 LEs                 ; No         ; |Datapath|ALU:alu_unit|BoothMul:multiplier|Mux232       ;
; 8:1                ; 29 bits   ; 145 LEs       ; 87 LEs               ; 58 LEs                 ; No         ; |Datapath|ALU:alu_unit|BoothMul:multiplier|Mux171       ;
; 4:1                ; 4 bits    ; 8 LEs         ; 8 LEs                ; 0 LEs                  ; No         ; |Datapath|ALU:alu_unit|rotate_left:r_left|ShiftLeft0    ;
; 5:1                ; 8 bits    ; 24 LEs        ; 24 LEs               ; 0 LEs                  ; No         ; |Datapath|ALU:alu_unit|rotate_left:r_left|ShiftLeft0    ;
; 8:1                ; 29 bits   ; 145 LEs       ; 87 LEs               ; 58 LEs                 ; No         ; |Datapath|ALU:alu_unit|BoothMul:multiplier|Mux122       ;
; 4:1                ; 8 bits    ; 16 LEs        ; 16 LEs               ; 0 LEs                  ; No         ; |Datapath|ALU:alu_unit|rotate_left:r_left|ShiftRight0   ;
; 4:1                ; 8 bits    ; 16 LEs        ; 16 LEs               ; 0 LEs                  ; No         ; |Datapath|ALU:alu_unit|rotate_left:r_left|ShiftRight0   ;
; 5:1                ; 4 bits    ; 12 LEs        ; 12 LEs               ; 0 LEs                  ; No         ; |Datapath|ALU:alu_unit|rotate_left:r_left|ShiftRight0   ;
; 6:1                ; 2 bits    ; 8 LEs         ; 4 LEs                ; 4 LEs                  ; No         ; |Datapath|ALU:alu_unit|BoothMul:multiplier|Mux321       ;
; 6:1                ; 2 bits    ; 8 LEs         ; 4 LEs                ; 4 LEs                  ; No         ; |Datapath|ALU:alu_unit|BoothMul:multiplier|Mux244       ;
; 6:1                ; 2 bits    ; 8 LEs         ; 4 LEs                ; 4 LEs                  ; No         ; |Datapath|ALU:alu_unit|BoothMul:multiplier|Mux211       ;
; 6:1                ; 2 bits    ; 8 LEs         ; 4 LEs                ; 4 LEs                  ; No         ; |Datapath|ALU:alu_unit|BoothMul:multiplier|Mux153       ;
; 6:1                ; 2 bits    ; 8 LEs         ; 4 LEs                ; 4 LEs                  ; No         ; |Datapath|ALU:alu_unit|BoothMul:multiplier|Mux64        ;
; 6:1                ; 4 bits    ; 16 LEs        ; 16 LEs               ; 0 LEs                  ; No         ; |Datapath|ALU:alu_unit|rotate_left:r_left|ShiftLeft0    ;
; 7:1                ; 4 bits    ; 16 LEs        ; 16 LEs               ; 0 LEs                  ; No         ; |Datapath|ALU:alu_unit|rotate_right:r_right|ShiftRight0 ;
; 5:1                ; 4 bits    ; 12 LEs        ; 12 LEs               ; 0 LEs                  ; No         ; |Datapath|ALU:alu_unit|rotate_right:r_right|ShiftLeft0  ;
; 6:1                ; 8 bits    ; 32 LEs        ; 32 LEs               ; 0 LEs                  ; No         ; |Datapath|ALU:alu_unit|rotate_right:r_right|ShiftLeft0  ;
; 6:1                ; 19 bits   ; 76 LEs        ; 57 LEs               ; 19 LEs                 ; No         ; |Datapath|ALU:alu_unit|BoothMul:multiplier|Mux415       ;
; 8:1                ; 2 bits    ; 10 LEs        ; 6 LEs                ; 4 LEs                  ; No         ; |Datapath|ALU:alu_unit|BoothMul:multiplier|Mux354       ;
; 7:1                ; 4 bits    ; 16 LEs        ; 16 LEs               ; 0 LEs                  ; No         ; |Datapath|ALU:alu_unit|rotate_right:r_right|ShiftLeft0  ;
; 8:1                ; 4 bits    ; 20 LEs        ; 20 LEs               ; 0 LEs                  ; No         ; |Datapath|ALU:alu_unit|rotate_left:r_left|ShiftRight0   ;
; 40:1               ; 31 bits   ; 806 LEs       ; 310 LEs              ; 496 LEs                ; No         ; |Datapath|ALU:alu_unit|Mux9                             ;
; 26:1               ; 32 bits   ; 544 LEs       ; 544 LEs              ; 0 LEs                  ; No         ; |Datapath|Bus:bus_unit|Selector5                        ;
+--------------------+-----------+---------------+----------------------+------------------------+------------+---------------------------------------------------------+


+----------------------------------------------------------------------------------------------------------------+
; Port Connectivity Checks: "ALU:alu_unit|CLA_32bit:subtractor"                                                  ;
+------+--------+----------+-------------------------------------------------------------------------------------+
; Port ; Type   ; Severity ; Details                                                                             ;
+------+--------+----------+-------------------------------------------------------------------------------------+
; Cin  ; Input  ; Info     ; Stuck at VCC                                                                        ;
; Cout ; Output ; Info     ; Connected to dangling logic. Logic that only feeds a dangling port will be removed. ;
+------+--------+----------+-------------------------------------------------------------------------------------+


+----------------------------------------------------------------------------------------------------------------+
; Port Connectivity Checks: "ALU:alu_unit|CLA_32bit:adder"                                                       ;
+------+--------+----------+-------------------------------------------------------------------------------------+
; Port ; Type   ; Severity ; Details                                                                             ;
+------+--------+----------+-------------------------------------------------------------------------------------+
; Cin  ; Input  ; Info     ; Stuck at GND                                                                        ;
; Cout ; Output ; Info     ; Connected to dangling logic. Logic that only feeds a dangling port will be removed. ;
+------+--------+----------+-------------------------------------------------------------------------------------+


+----------------------------------------------------------------------------------------------------------------+
; Port Connectivity Checks: "register:MAR"                                                                       ;
+------+--------+----------+-------------------------------------------------------------------------------------+
; Port ; Type   ; Severity ; Details                                                                             ;
+------+--------+----------+-------------------------------------------------------------------------------------+
; q    ; Output ; Info     ; Connected to dangling logic. Logic that only feeds a dangling port will be removed. ;
+------+--------+----------+-------------------------------------------------------------------------------------+


+-----------------------------------------------------+
; Post-Synthesis Netlist Statistics for Top Partition ;
+-----------------------+-----------------------------+
; Type                  ; Count                       ;
+-----------------------+-----------------------------+
; arriav_ff             ; 832                         ;
;     ENA SCLR          ; 768                         ;
;     ENA SCLR SLD      ; 32                          ;
;     ENA SLD           ; 32                          ;
; arriav_lcell_comb     ; 5559                        ;
;     arith             ; 3195                        ;
;         0 data inputs ; 31                          ;
;         1 data inputs ; 159                         ;
;         2 data inputs ; 272                         ;
;         3 data inputs ; 961                         ;
;         4 data inputs ; 8                           ;
;         5 data inputs ; 1764                        ;
;     extend            ; 81                          ;
;         7 data inputs ; 81                          ;
;     normal            ; 2283                        ;
;         2 data inputs ; 96                          ;
;         3 data inputs ; 204                         ;
;         4 data inputs ; 671                         ;
;         5 data inputs ; 428                         ;
;         6 data inputs ; 884                         ;
; boundary_port         ; 157                         ;
;                       ;                             ;
; Max LUT depth         ; 140.20                      ;
; Average LUT depth     ; 77.26                       ;
+-----------------------+-----------------------------+


+-------------------------------+
; Elapsed Time Per Partition    ;
+----------------+--------------+
; Partition Name ; Elapsed Time ;
+----------------+--------------+
; Top            ; 00:00:17     ;
+----------------+--------------+


+-------------------------------+
; Analysis & Synthesis Messages ;
+-------------------------------+
Info: *******************************************************************
Info: Running Quartus Prime Analysis & Synthesis
    Info: Version 18.1.1 Build 646 04/11/2019 SJ Lite Edition
    Info: Processing started: Tue Feb 18 19:58:25 2025
Info: Command: quartus_map --read_settings_files=on --write_settings_files=off Phase1 -c Phase1
Info (20030): Parallel compilation is enabled and will use 4 of the 4 processors detected
Info (12021): Found 1 design units, including 1 entities, in source file register.v
    Info (12023): Found entity 1: register File: C:/intelFPGA_lite/18.1/elec374/ELEC374---Group/Phase1/register.v Line: 1
Info (12021): Found 1 design units, including 1 entities, in source file bus.v
    Info (12023): Found entity 1: Bus File: C:/intelFPGA_lite/18.1/elec374/ELEC374---Group/Phase1/Bus.v Line: 1
Info (12021): Found 1 design units, including 1 entities, in source file mdr.v
    Info (12023): Found entity 1: MemoryDataRegister File: C:/intelFPGA_lite/18.1/elec374/ELEC374---Group/Phase1/MDR.v Line: 1
Info (12021): Found 1 design units, including 1 entities, in source file alu.v
    Info (12023): Found entity 1: ALU File: C:/intelFPGA_lite/18.1/elec374/ELEC374---Group/Phase1/ALU.v Line: 1
Info (12021): Found 1 design units, including 1 entities, in source file cla_4bit.v
    Info (12023): Found entity 1: CLA_4bit File: C:/intelFPGA_lite/18.1/elec374/ELEC374---Group/Phase1/CLA_4bit.v Line: 1
Info (12021): Found 1 design units, including 1 entities, in source file cla_32bit.v
    Info (12023): Found entity 1: CLA_32bit File: C:/intelFPGA_lite/18.1/elec374/ELEC374---Group/Phase1/CLA_32bit.v Line: 1
Info (12021): Found 1 design units, including 1 entities, in source file cla_4bit_tb.v
    Info (12023): Found entity 1: CLA_4bit_tb File: C:/intelFPGA_lite/18.1/elec374/ELEC374---Group/Phase1/CLA_4bit_tb.v Line: 3
Info (12021): Found 1 design units, including 1 entities, in source file cla_32bit_tb.v
    Info (12023): Found entity 1: CLA_32bit_tb File: C:/intelFPGA_lite/18.1/elec374/ELEC374---Group/Phase1/CLA_32bit_tb.v Line: 3
Info (12021): Found 1 design units, including 1 entities, in source file rca_4bit.v
    Info (12023): Found entity 1: RCA_4bit File: C:/intelFPGA_lite/18.1/elec374/ELEC374---Group/Phase1/RCA_4bit.v Line: 1
Info (12021): Found 5 design units, including 5 entities, in source file shift_rotate_operations.v
    Info (12023): Found entity 1: shift_left File: C:/intelFPGA_lite/18.1/elec374/ELEC374---Group/Phase1/shift_rotate_operations.v Line: 1
    Info (12023): Found entity 2: shift_right File: C:/intelFPGA_lite/18.1/elec374/ELEC374---Group/Phase1/shift_rotate_operations.v Line: 10
    Info (12023): Found entity 3: arithmetic_shift_right File: C:/intelFPGA_lite/18.1/elec374/ELEC374---Group/Phase1/shift_rotate_operations.v Line: 19
    Info (12023): Found entity 4: rotate_left File: C:/intelFPGA_lite/18.1/elec374/ELEC374---Group/Phase1/shift_rotate_operations.v Line: 28
    Info (12023): Found entity 5: rotate_right File: C:/intelFPGA_lite/18.1/elec374/ELEC374---Group/Phase1/shift_rotate_operations.v Line: 41
Info (12021): Found 1 design units, including 1 entities, in source file shift_rotate_operations_tb.v
    Info (12023): Found entity 1: sr_tb File: C:/intelFPGA_lite/18.1/elec374/ELEC374---Group/Phase1/shift_rotate_operations_tb.v Line: 2
Info (12021): Found 4 design units, including 4 entities, in source file logic_operations.v
    Info (12023): Found entity 1: logic_and File: C:/intelFPGA_lite/18.1/elec374/ELEC374---Group/Phase1/logic_operations.v Line: 1
    Info (12023): Found entity 2: logic_or File: C:/intelFPGA_lite/18.1/elec374/ELEC374---Group/Phase1/logic_operations.v Line: 9
    Info (12023): Found entity 3: logic_not File: C:/intelFPGA_lite/18.1/elec374/ELEC374---Group/Phase1/logic_operations.v Line: 17
    Info (12023): Found entity 4: logic_negate File: C:/intelFPGA_lite/18.1/elec374/ELEC374---Group/Phase1/logic_operations.v Line: 25
Info (12021): Found 1 design units, including 1 entities, in source file nrdiv.v
    Info (12023): Found entity 1: NRdiv File: C:/intelFPGA_lite/18.1/elec374/ELEC374---Group/Phase1/NRdiv.v Line: 1
Info (12021): Found 1 design units, including 1 entities, in source file nrdiv_tb.v
    Info (12023): Found entity 1: NRdiv_tb File: C:/intelFPGA_lite/18.1/elec374/ELEC374---Group/Phase1/NRdiv_tb.v Line: 3
Info (12021): Found 1 design units, including 1 entities, in source file boothmul.v
    Info (12023): Found entity 1: BoothMul File: C:/intelFPGA_lite/18.1/elec374/ELEC374---Group/Phase1/BoothMul.v Line: 1
Info (12021): Found 1 design units, including 1 entities, in source file datapath.v
    Info (12023): Found entity 1: Datapath File: C:/intelFPGA_lite/18.1/elec374/ELEC374---Group/Phase1/Datapath.v Line: 1
Info (12021): Found 1 design units, including 1 entities, in source file pc_register.v
    Info (12023): Found entity 1: pc_register File: C:/intelFPGA_lite/18.1/elec374/ELEC374---Group/Phase1/pc_register.v Line: 1
Info (12021): Found 1 design units, including 1 entities, in source file boothmul_tb.v
    Info (12023): Found entity 1: boothMul_tb File: C:/intelFPGA_lite/18.1/elec374/ELEC374---Group/Phase1/boothMul_tb.v Line: 1
Warning (12090): Entity "mux" obtained from "mux.v" instead of from Quartus Prime megafunction library File: C:/intelFPGA_lite/18.1/elec374/ELEC374---Group/Phase1/mux.v Line: 1
Info (12021): Found 1 design units, including 1 entities, in source file mux.v
    Info (12023): Found entity 1: mux File: C:/intelFPGA_lite/18.1/elec374/ELEC374---Group/Phase1/mux.v Line: 1
Info (12021): Found 2 design units, including 2 entities, in source file datapath_addsub_tb.v
    Info (12023): Found entity 1: Datapath_add_tb File: C:/intelFPGA_lite/18.1/elec374/ELEC374---Group/Phase1/Datapath_addsub_tb.v Line: 3
    Info (12023): Found entity 2: Datapath_sub_tb File: C:/intelFPGA_lite/18.1/elec374/ELEC374---Group/Phase1/Datapath_addsub_tb.v Line: 184
Info (12021): Found 1 design units, including 1 entities, in source file datapath_div_tb.v
    Info (12023): Found entity 1: Datapath_div_tb File: C:/intelFPGA_lite/18.1/elec374/ELEC374---Group/Phase1/Datapath_div_tb.v Line: 3
Info (12021): Found 1 design units, including 1 entities, in source file datapath_negate_tb.v
    Info (12023): Found entity 1: Datapath_negate_tb File: C:/intelFPGA_lite/18.1/elec374/ELEC374---Group/Phase1/Datapath_negate_tb.v Line: 3
Info (12021): Found 1 design units, including 1 entities, in source file datapath_mul_tb.v
    Info (12023): Found entity 1: Datapath_mul_tb File: C:/intelFPGA_lite/18.1/elec374/ELEC374---Group/Phase1/Datapath_mul_tb.v Line: 3
Info (12021): Found 1 design units, including 1 entities, in source file datapath_not_tb.v
    Info (12023): Found entity 1: Datapath_not_tb File: C:/intelFPGA_lite/18.1/elec374/ELEC374---Group/Phase1/Datapath_not_tb.v Line: 3
Info (12021): Found 1 design units, including 1 entities, in source file datapath_ror_tb.v
    Info (12023): Found entity 1: Datapath_ror_tb File: C:/intelFPGA_lite/18.1/elec374/ELEC374---Group/Phase1/Datapath_ror_tb.v Line: 3
Warning (10236): Verilog HDL Implicit Net warning at Datapath.v(116): created implicit net for "MARIn" File: C:/intelFPGA_lite/18.1/elec374/ELEC374---Group/Phase1/Datapath.v Line: 116
Info (12127): Elaborating entity "Datapath" for the top level hierarchy
Info (12128): Elaborating entity "Bus" for hierarchy "Bus:bus_unit" File: C:/intelFPGA_lite/18.1/elec374/ELEC374---Group/Phase1/Datapath.v Line: 52
Warning (10763): Verilog HDL warning at Bus.v(19): case statement has overlapping case item expressions with non-constant or don't care bits - unable to check case statement for completeness File: C:/intelFPGA_lite/18.1/elec374/ELEC374---Group/Phase1/Bus.v Line: 19
Warning (10270): Verilog HDL Case Statement warning at Bus.v(19): incomplete case statement has no default case item File: C:/intelFPGA_lite/18.1/elec374/ELEC374---Group/Phase1/Bus.v Line: 19
Info (12128): Elaborating entity "register" for hierarchy "register:r0" File: C:/intelFPGA_lite/18.1/elec374/ELEC374---Group/Phase1/Datapath.v Line: 54
Info (12128): Elaborating entity "pc_register" for hierarchy "pc_register:PC_reg" File: C:/intelFPGA_lite/18.1/elec374/ELEC374---Group/Phase1/Datapath.v Line: 80
Info (12128): Elaborating entity "mux" for hierarchy "mux:MDmux" File: C:/intelFPGA_lite/18.1/elec374/ELEC374---Group/Phase1/Datapath.v Line: 93
Info (12128): Elaborating entity "ALU" for hierarchy "ALU:alu_unit" File: C:/intelFPGA_lite/18.1/elec374/ELEC374---Group/Phase1/Datapath.v Line: 125
Info (12128): Elaborating entity "CLA_32bit" for hierarchy "ALU:alu_unit|CLA_32bit:adder" File: C:/intelFPGA_lite/18.1/elec374/ELEC374---Group/Phase1/ALU.v Line: 115
Info (12128): Elaborating entity "CLA_4bit" for hierarchy "ALU:alu_unit|CLA_32bit:adder|CLA_4bit:adder1" File: C:/intelFPGA_lite/18.1/elec374/ELEC374---Group/Phase1/CLA_32bit.v Line: 19
Info (12128): Elaborating entity "logic_and" for hierarchy "ALU:alu_unit|logic_and:l_and" File: C:/intelFPGA_lite/18.1/elec374/ELEC374---Group/Phase1/ALU.v Line: 128
Info (12128): Elaborating entity "logic_or" for hierarchy "ALU:alu_unit|logic_or:l_or" File: C:/intelFPGA_lite/18.1/elec374/ELEC374---Group/Phase1/ALU.v Line: 134
Info (12128): Elaborating entity "shift_left" for hierarchy "ALU:alu_unit|shift_left:s_left" File: C:/intelFPGA_lite/18.1/elec374/ELEC374---Group/Phase1/ALU.v Line: 140
Info (12128): Elaborating entity "shift_right" for hierarchy "ALU:alu_unit|shift_right:s_right" File: C:/intelFPGA_lite/18.1/elec374/ELEC374---Group/Phase1/ALU.v Line: 146
Info (12128): Elaborating entity "arithmetic_shift_right" for hierarchy "ALU:alu_unit|arithmetic_shift_right:s_right_a" File: C:/intelFPGA_lite/18.1/elec374/ELEC374---Group/Phase1/ALU.v Line: 152
Info (12128): Elaborating entity "rotate_left" for hierarchy "ALU:alu_unit|rotate_left:r_left" File: C:/intelFPGA_lite/18.1/elec374/ELEC374---Group/Phase1/ALU.v Line: 158
Warning (10230): Verilog HDL assignment warning at shift_rotate_operations.v(35): truncated value with size 32 to match size of target (5) File: C:/intelFPGA_lite/18.1/elec374/ELEC374---Group/Phase1/shift_rotate_operations.v Line: 35
Info (12128): Elaborating entity "rotate_right" for hierarchy "ALU:alu_unit|rotate_right:r_right" File: C:/intelFPGA_lite/18.1/elec374/ELEC374---Group/Phase1/ALU.v Line: 164
Warning (10230): Verilog HDL assignment warning at shift_rotate_operations.v(48): truncated value with size 32 to match size of target (5) File: C:/intelFPGA_lite/18.1/elec374/ELEC374---Group/Phase1/shift_rotate_operations.v Line: 48
Info (12128): Elaborating entity "NRdiv" for hierarchy "ALU:alu_unit|NRdiv:divider" File: C:/intelFPGA_lite/18.1/elec374/ELEC374---Group/Phase1/ALU.v Line: 172
Info (12128): Elaborating entity "BoothMul" for hierarchy "ALU:alu_unit|BoothMul:multiplier" File: C:/intelFPGA_lite/18.1/elec374/ELEC374---Group/Phase1/ALU.v Line: 178
Warning (10199): Verilog HDL Case Statement warning at BoothMul.v(25): case item expression never matches the case expression File: C:/intelFPGA_lite/18.1/elec374/ELEC374---Group/Phase1/BoothMul.v Line: 25
Warning (10199): Verilog HDL Case Statement warning at BoothMul.v(26): case item expression never matches the case expression File: C:/intelFPGA_lite/18.1/elec374/ELEC374---Group/Phase1/BoothMul.v Line: 26
Warning (10199): Verilog HDL Case Statement warning at BoothMul.v(28): case item expression never matches the case expression File: C:/intelFPGA_lite/18.1/elec374/ELEC374---Group/Phase1/BoothMul.v Line: 28
Info (12128): Elaborating entity "logic_not" for hierarchy "ALU:alu_unit|logic_not:l_not" File: C:/intelFPGA_lite/18.1/elec374/ELEC374---Group/Phase1/ALU.v Line: 183
Info (12128): Elaborating entity "logic_negate" for hierarchy "ALU:alu_unit|logic_negate:l_neg" File: C:/intelFPGA_lite/18.1/elec374/ELEC374---Group/Phase1/ALU.v Line: 188
Info (286030): Timing-Driven Synthesis is running
Warning (20013): Ignored 24 assignments for entity "Phase1" -- entity does not exist in design
    Warning (20014): Assignment for entity set_instance_assignment -name PARTITION_HIERARCHY root_partition -to | -entity Phase1 -section_id Top was ignored
    Warning (20014): Assignment for entity set_global_assignment -name PARTITION_NETLIST_TYPE SOURCE -entity Phase1 -section_id Top was ignored
    Warning (20014): Assignment for entity set_global_assignment -name PARTITION_FITTER_PRESERVATION_LEVEL PLACEMENT_AND_ROUTING -entity Phase1 -section_id Top was ignored
    Warning (20014): Assignment for entity set_global_assignment -name PARTITION_PRESERVE_HIGH_SPEED_TILES ON -entity Phase1 -section_id Top was ignored
    Warning (20014): Assignment for entity set_global_assignment -name PARTITION_IGNORE_SOURCE_FILE_CHANGES OFF -entity Phase1 -section_id Top was ignored
    Warning (20014): Assignment for entity set_global_assignment -name PARTITION_ALWAYS_USE_QXP_NETLIST OFF -entity Phase1 -section_id Top was ignored
    Warning (20014): Assignment for entity set_global_assignment -name PARTITION_COLOR 16764057 -entity Phase1 -section_id Top was ignored
    Warning (20014): Assignment for entity set_global_assignment -name PARTITION_IMPORT_ASSIGNMENTS ON -entity Phase1 -section_id Top was ignored
    Warning (20014): Assignment for entity set_global_assignment -name PARTITION_IMPORT_EXISTING_ASSIGNMENTS REPLACE_CONFLICTING -entity Phase1 -section_id Top was ignored
    Warning (20014): Assignment for entity set_global_assignment -name PARTITION_IMPORT_EXISTING_LOGICLOCK_REGIONS UPDATE_CONFLICTING -entity Phase1 -section_id Top was ignored
    Warning (20014): Assignment for entity set_global_assignment -name PARTITION_IMPORT_PIN_ASSIGNMENTS ON -entity Phase1 -section_id Top was ignored
    Warning (20014): Assignment for entity set_global_assignment -name PARTITION_IMPORT_PROMOTE_ASSIGNMENTS ON -entity Phase1 -section_id Top was ignored
    Warning (20014): Assignment for entity set_global_assignment -name PARTITION_TYPE STANDARD_PARTITION -entity Phase1 -section_id Top was ignored
    Warning (20014): Assignment for entity set_global_assignment -name ALLOW_MULTIPLE_PERSONAS OFF -entity Phase1 -section_id Top was ignored
    Warning (20014): Assignment for entity set_global_assignment -name PARTITION_ASD_REGION_ID 1 -entity Phase1 -section_id Top was ignored
    Warning (20014): Assignment for entity set_global_assignment -name CROSS_BOUNDARY_OPTIMIZATIONS OFF -entity Phase1 -section_id Top was ignored
    Warning (20014): Assignment for entity set_global_assignment -name PROPAGATE_CONSTANTS_ON_INPUTS ON -entity Phase1 -section_id Top was ignored
    Warning (20014): Assignment for entity set_global_assignment -name PROPAGATE_INVERSIONS_ON_INPUTS ON -entity Phase1 -section_id Top was ignored
    Warning (20014): Assignment for entity set_global_assignment -name REMOVE_LOGIC_ON_UNCONNECTED_OUTPUTS ON -entity Phase1 -section_id Top was ignored
    Warning (20014): Assignment for entity set_global_assignment -name MERGE_EQUIVALENT_INPUTS ON -entity Phase1 -section_id Top was ignored
    Warning (20014): Assignment for entity set_global_assignment -name MERGE_EQUIVALENT_BIDIRS ON -entity Phase1 -section_id Top was ignored
    Warning (20014): Assignment for entity set_global_assignment -name ABSORB_PATHS_FROM_OUTPUTS_TO_INPUTS ON -entity Phase1 -section_id Top was ignored
    Warning (20014): Assignment for entity set_global_assignment -name PARTITION_EXTRACT_HARD_BLOCK_NODES ON -entity Phase1 -section_id Top was ignored
    Warning (20014): Assignment for entity set_global_assignment -name PARTITION_ENABLE_STRICT_PRESERVATION OFF -entity Phase1 -section_id Top was ignored
Info (144001): Generated suppressed messages file C:/intelFPGA_lite/18.1/elec374/ELEC374---Group/Phase1/output_files/Phase1.map.smsg
Info (16010): Generating hard_block partition "hard_block:auto_generated_inst"
    Info (16011): Adding 0 node(s), including 0 DDIO, 0 PLL, 0 transceiver and 0 LCELL
Warning (21074): Design contains 1 input pin(s) that do not drive logic
    Warning (15610): No output dependent on input pin "MARin" File: C:/intelFPGA_lite/18.1/elec374/ELEC374---Group/Phase1/Datapath.v Line: 7
Info (21057): Implemented 6516 device resources after synthesis - the final resource count might be different
    Info (21058): Implemented 93 input pins
    Info (21059): Implemented 64 output pins
    Info (21061): Implemented 6359 logic cells
Info: Quartus Prime Analysis & Synthesis was successful. 0 errors, 36 warnings
    Info: Peak virtual memory: 4873 megabytes
    Info: Processing ended: Tue Feb 18 19:58:55 2025
    Info: Elapsed time: 00:00:30
    Info: Total CPU time (on all processors): 00:00:24


+------------------------------------------+
; Analysis & Synthesis Suppressed Messages ;
+------------------------------------------+
The suppressed messages can be found in C:/intelFPGA_lite/18.1/elec374/ELEC374---Group/Phase1/output_files/Phase1.map.smsg.


